// Jest Snapshot v1, https://goo.gl/fbAQLP

exports[`renders correctly 1`] = `
<div
  className="flex h-screen flex-col items-center justify-center"
>
  <div
    className="flex flex-col items-center p-1 text-center"
    style={
      Object {
        "width": 500,
      }
    }
  >
    <p
      className="text-center text-3xl font-medium "
    >
      Become the change you wish to see in the world.
    </p>
  </div>
  <div
    className="flex flex-col items-center justify-center p-1"
    style={
      Object {
        "width": 600,
      }
    }
  >
    <p
      className="text-center text-gray-600 "
    >
      Body placeholder for text paragraph. A paragraph is a self-contained unit of text dealing with a particular point or idea.
    </p>
  </div>
  <div
    className="flex flex-row"
  >
    <button
      className="m-1 p-0 bg-secondary-300  hover:undefined text-white undefined border  py-1 px-4 border-secondary-300 hover:undefined rounded  hover:shadow-xl"
      onClick={[Function]}
      type="button"
    >
      Get started
    </button>
    <div
      className="flex flex-row items-center "
    >
      <button
        className="m-1 flex rounded border-b p-2 hover:bg-primary-200 hover:text-white hover:shadow-xl"
      >
        Who are we?
        <svg
          className="h-6 w-6"
          fill="none"
          stroke="currentColor"
          strokeWidth="2"
          viewBox="0 0 24 24"
          xmlns="http://www.w3.org/2000/svg"
        >
          <path
            d="M9 5l7 7-7 7"
            strokeLinecap="round"
            strokeLinejoin="round"
          />
        </svg>
      </button>
    </div>
  </div>
</div>
`;
