// Jest Snapshot v1, https://goo.gl/fbAQLP

exports[`renders correctly 1`] = `
<div
  className="m-2 flex flex-col justify-center gap-10"
>
  <div
    className="mx-4 text-center"
  >
    <h1
      className=" text-3xl font-bold"
    >
      Become the change you wish to see in the world.
    </h1>
    <p
      className="mt-5"
    >
      Body placeholder for text paragraph. A paragraph is a self-contained unit of text dealing with a particular point or idea.
    </p>
  </div>
  <div
    className="flex flex-row justify-center"
  >
    <button
      className="mt-1 mb-1 w-30 h-8 undefined bg-secondary-300 undefined undefined hover:undefined text-white font-normal  py-1  px-2 border-secondary-300 hover:undefined rounded  hover:shadow-lg undefined"
      onClick={[Function]}
      type="button"
    >
      Get started
    </button>
    <button
      className="m-2 flex rounded border-b p-2 hover:bg-primary-200 hover:text-white hover:shadow-xl"
    >
      Who are we?
      <svg
        className="h-6 w-6"
        fill="none"
        stroke="currentColor"
        strokeWidth="2"
        viewBox="0 0 24 24"
        xmlns="http://www.w3.org/2000/svg"
      >
        <path
          d="M9 5l7 7-7 7"
          strokeLinecap="round"
          strokeLinejoin="round"
        />
      </svg>
    </button>
  </div>
</div>
`;
