// Jest Snapshot v1, https://goo.gl/fbAQLP

exports[`renders correctly 1`] = `
Array [
  <input
    className="h-full w-full rounded-md border-2 border-black p-2"
    placeholder="Your input here"
    type="text"
  />,
  <label />,
]
`;
