// Jest Snapshot v1, https://goo.gl/fbAQLP

exports[`renders correctly 1`] = `
<nav
  className="shadow"
  style={
    Object {
      "backgroundColor": "transparent",
    }
  }
>
  <div
    className="mx-auto max-w-7xl px-2 sm:px-6 lg:px-8 "
  >
    <div
      className="relative flex h-16 items-center justify-between"
    >
      <div
        className="absolute inset-y-0 left-0 flex items-center sm:hidden"
      >
        <button
          aria-controls="mobile-menu"
          aria-expanded="false"
          className="inline-flex items-center justify-center rounded-md p-2 text-gray-400 hover:text-white focus:outline-none "
          onClick={[Function]}
          type="button"
        >
          <span
            className="sr-only"
          >
            Open main menu
          </span>
          <svg
            aria-hidden="true"
            className=" block h-6 w-6 "
            fill="none"
            stroke="white"
            strokeWidth="2"
            style={
              Object {
                "stroke": "#56c1e6",
              }
            }
            viewBox="0 0 24 24"
            xmlns="http://www.w3.org/2000/svg"
          >
            <path
              d="M4 6h16M4 12h16M4 18h16"
              strokeLinecap="round"
              strokeLinejoin="round"
            />
          </svg>
          <svg
            aria-hidden="true"
            className="hidden h-6 w-6"
            fill="none"
            stroke="currentColor"
            strokeWidth="2"
            viewBox="0 0 24 24"
            xmlns="http://www.w3.org/2000/svg"
          >
            <path
              d="M6 18L18 6M6 6l12 12"
              strokeLinecap="round"
              strokeLinejoin="round"
            />
          </svg>
        </button>
      </div>
      <div
        className="flex flex-1 items-center justify-center sm:items-stretch sm:justify-start"
      >
        <div
          className="flex flex-shrink-0 items-center"
        >
          <span
            style={
              Object {
                "background": "none",
                "border": 0,
                "boxSizing": "border-box",
                "display": "inline-block",
                "height": "initial",
                "margin": 0,
                "maxWidth": "100%",
                "opacity": 1,
                "overflow": "hidden",
                "padding": 0,
                "position": "relative",
                "width": "initial",
              }
            }
          >
            <span
              style={
                Object {
                  "background": "none",
                  "border": 0,
                  "boxSizing": "border-box",
                  "display": "block",
                  "height": "initial",
                  "margin": 0,
                  "maxWidth": "100%",
                  "opacity": 1,
                  "padding": 0,
                  "width": "initial",
                }
              }
            >
              <img
                alt=""
                aria-hidden={true}
                src="data:image/svg+xml,%3csvg%20xmlns=%27http://www.w3.org/2000/svg%27%20version=%271.1%27%20width=%27100%27%20height=%2740%27/%3e"
                style={
                  Object {
                    "background": "none",
                    "border": 0,
                    "display": "block",
                    "height": "initial",
                    "margin": 0,
                    "maxWidth": "100%",
                    "opacity": 1,
                    "padding": 0,
                    "width": "initial",
                  }
                }
              />
            </span>
            <img
              alt="logo"
              className="hover:cursor-pointer"
              data-nimg="intrinsic"
              decoding="async"
              onError={[Function]}
              onLoad={[Function]}
              src="data:image/gif;base64,R0lGODlhAQABAIAAAAAAAP///yH5BAEAAAAALAAAAAABAAEAAAIBRAA7"
              style={
                Object {
                  "border": "none",
                  "bottom": 0,
                  "boxSizing": "border-box",
                  "display": "block",
                  "height": 0,
                  "left": 0,
                  "margin": "auto",
                  "maxHeight": "100%",
                  "maxWidth": "100%",
                  "minHeight": "100%",
                  "minWidth": "100%",
                  "objectFit": undefined,
                  "objectPosition": undefined,
                  "padding": 0,
                  "position": "absolute",
                  "right": 0,
                  "top": 0,
                  "width": 0,
                }
              }
            />
            <noscript>
              <img
                alt="logo"
                className="hover:cursor-pointer"
                data-nimg="intrinsic"
                decoding="async"
                loading="lazy"
                src="/_next/image?url=%2Fimages%2Flogo.png&w=256&q=75"
                srcSet="/_next/image?url=%2Fimages%2Flogo.png&w=128&q=75 1x, /_next/image?url=%2Fimages%2Flogo.png&w=256&q=75 2x"
                style={
                  Object {
                    "border": "none",
                    "bottom": 0,
                    "boxSizing": "border-box",
                    "display": "block",
                    "height": 0,
                    "left": 0,
                    "margin": "auto",
                    "maxHeight": "100%",
                    "maxWidth": "100%",
                    "minHeight": "100%",
                    "minWidth": "100%",
                    "objectFit": undefined,
                    "objectPosition": undefined,
                    "padding": 0,
                    "position": "absolute",
                    "right": 0,
                    "top": 0,
                    "width": 0,
                  }
                }
              />
            </noscript>
          </span>
        </div>
      </div>
      <div
        className="absolute inset-y-0 right-0 flex items-center pr-2 sm:static sm:inset-auto sm:ml-6 sm:pr-0"
      >
        <div
          className="hidden sm:ml-6 sm:block"
        >
          <div
            className="flex items-center space-x-3"
          >
            <a
              className=" hidden rounded-md px-3 py-2 text-sm font-semibold text-gray-700 hover:text-orange-400"
              href="/events"
              onClick={[Function]}
              onMouseEnter={[Function]}
            >
              Events
            </a>
            <a
              className=" hidden rounded-md px-3 py-2 text-sm font-semibold text-gray-700 hover:text-orange-400"
              href="/about"
              onClick={[Function]}
              onMouseEnter={[Function]}
            >
              About
            </a>
            <div
              className=" relative ml-3 hidden sm:ml-6 sm:block"
            >
              <div>
                <button
                  aria-expanded="false"
                  aria-haspopup="true"
                  className="flex text-sm "
                  id="user-menu-button"
                  onClick={[Function]}
                  type="button"
                >
                  <span
                    className="sr-only"
                  >
                    Open user menu
                  </span>
                  <div
                    className=" w-15 relative flex h-10 flex-row items-center overflow-hidden text-gray-700 hover:text-orange-400 "
                  >
                    <svg
                      className="h-5 w-5 "
                      fill="none"
                      stroke="currentColor"
                      strokeWidth="2"
                      viewBox="0 0 24 24"
                      xmlns="http://www.w3.org/2000/svg"
                    >
                      <path
                        d="M21 12a9 9 0 01-9 9m9-9a9 9 0 00-9-9m9 9H3m9 9a9 9 0 01-9-9m9 9c1.657 0 3-4.03 3-9s-1.343-9-3-9m0 18c-1.657 0-3-4.03-3-9s1.343-9 3-9m-9 9a9 9 0 019-9"
                        strokeLinecap="round"
                        strokeLinejoin="round"
                      />
                    </svg>
                    <svg
                      className="h-3 w-3"
                      fill="none"
                      stroke="currentColor"
                      strokeWidth={2}
                      viewBox="0 0 24 24"
                      xmlns="http://www.w3.org/2000/svg"
                    >
                      <path
                        d="M19 9l-7 7-7-7"
                        strokeLinecap="round"
                        strokeLinejoin="round"
                      />
                    </svg>
                  </div>
                </button>
              </div>
            </div>
            <a
              className=" rounded-md px-3 py-2 text-sm font-semibold text-gray-700 hover:text-orange-400 "
              href="/login"
              onClick={[Function]}
              onMouseEnter={[Function]}
            >
              Log In
            </a>
            <button
              className="rounded-full py-1 px-3 text-sm font-semibold text-gray-900 hover:bg-primary-100 hover:shadow-lg "
              onClick={[Function]}
              onMouseEnter={[Function]}
            >
              Sign up
            </button>
          </div>
        </div>
        <div
          className="relative ml-3 hidden "
        >
          <div>
            <button
              aria-expanded="false"
              aria-haspopup="true"
              className="flex rounded-full bg-gray-800 text-sm focus:outline-none focus:ring-2 focus:ring-white focus:ring-offset-2 focus:ring-offset-orange-400"
              id="user-menu-button"
              onClick={[Function]}
              type="button"
            >
              <span
                className="sr-only"
              >
                Open user menu
              </span>
              <div
                className="bg relative h-10 w-10 overflow-hidden rounded-full bg-sky-200"
              >
                <svg
                  className="absolute -left-1 h-12 w-12 text-orange-300"
                  fill="currentColor"
                  viewBox="0 0 20 20"
                  xmlns="http://www.w3.org/2000/svg"
                >
                  <path
                    clipRule="evenodd"
                    d="M10 9a3 3 0 100-6 3 3 0 000 6zm-7 9a7 7 0 1114 0H3z"
                    fillRule="evenodd"
                  />
                </svg>
              </div>
            </button>
          </div>
        </div>
      </div>
    </div>
  </div>
</nav>
`;
