// Jest Snapshot v1, https://goo.gl/fbAQLP

exports[`renders correctly 1`] = `
<div
  className="m-8 h-48 justify-center overflow-hidden rounded-lg bg-secondary-200 md:m-20 md:h-64 lg:mr-[300px] lg:ml-[300px] lg:h-80"
>
  <div
    className="text-md m-4 mt-6 flex font-medium md:m-6 md:mt-8 md:text-2xl lg:mt-16 lg:ml-12 lg:text-3xl"
  >
    <h2>
      Change Password
    </h2>
  </div>
  <div
    className="justify-center overflow-hidden lg:ml-8 lg:flex-row lg:flex-wrap lg:items-start lg:justify-start"
  >
    <form>
      <div
        className="m-2 flex flex-row justify-center lg:justify-items-center"
      >
        <div
          className="w-30 m-1 h-8 md:m-2 md:h-12 md:w-64 lg:w-80"
        >
          <input
            className="h-full w-full rounded-md border-2 border-black p-2"
            placeholder="Password"
            type="password"
          />
          <label />
        </div>
        <div
          className="w-30 m-1 h-8 md:m-2 md:h-12 md:w-64 lg:w-80"
        >
          <input
            className="h-full w-full rounded-md border-2 border-black p-2"
            placeholder="Retype password"
            type="password"
          />
          <label />
        </div>
      </div>
      <div
        className="m-4 flex flex-row justify-end lg:mr-12"
      >
        <div
          className="mr-2 justify-end md:mr-4 lg:mr-6"
        >
          <button
            className="mt-1 mb-1 w-20 md:w-32 lg:w-36 h-8 md:h-12 lg:h-12 text-[11px] md:text-xl lg:text-xl bg-primary-200  undefined hover:undefined text-white font-medium  py-1  px-2  hover:undefined rounded  hover:shadow-lg undefined"
            onClick={[Function]}
            type="button"
          >
            Submit
          </button>
        </div>
        <div
          className=""
        >
          <button
            className="mt-1 mb-1 w-20 md:w-32 lg:w-36 h-8 md:h-12 lg:h-12 text-[11px] md:text-xl lg:text-xl bg-white border border-b-2 border-r-2 undefined hover:undefined text-black font-medium  py-1  px-2 border-black hover:undefined rounded  hover:shadow-lg undefined"
            onClick={[Function]}
            type="button"
          >
            Cancel
          </button>
        </div>
      </div>
    </form>
  </div>
</div>
`;
